// Jest Snapshot v1, https://goo.gl/fbAQLP

exports[`LoginForm.vue html should render correctly 1`] = `
"<form class=\\"flex flex-col pt-3 md:pt-8\\">
  <div class=\\"flex flex-col pt-4\\"><label for=\\"email\\" class=\\"text-lg\\">Email</label> <input type=\\"email\\" id=\\"email\\" placeholder=\\"your@email.com\\" required=\\"required\\" class=\\"shadow appearance-none border rounded w-full py-2 px-3 text-gray-700 mt-1 leading-tight focus:outline-none focus:shadow-outline\\"></div>
  <div class=\\"flex flex-col pt-4\\"><label for=\\"password\\" class=\\"text-lg\\">Password</label> <input type=\\"password\\" id=\\"password\\" placeholder=\\"Password\\" required=\\"required\\" class=\\"shadow appearance-none border rounded w-full py-2 px-3 text-gray-700 mt-1 leading-tight focus:outline-none focus:shadow-outline\\"></div>
  <!----> <button id=\\"loginButton\\" type=\\"submit\\" disabled=\\"disabled\\" class=\\"bg-black text-white font-bold text-lg hover:bg-gray-700 p-2 mt-8 disabled:opacity-75 disabled:cursor-not-allowed\\">
    Log In
    <i class=\\"fas fa-circle-notch fa-spin\\" style=\\"display: none;\\"></i></button>
</form>"
`;
